============================= test session starts =============================
platform win32 -- Python 3.12.3, pytest-9.0.1, pluggy-1.6.0
rootdir: C:\Users\themi\PycharmProjects\Socrates\tests
configfile: pytest.ini
plugins: anyio-4.12.0, asyncio-1.3.0, cov-7.0.0
asyncio: mode=Mode.AUTO, debug=False, asyncio_default_fixture_loop_scope=None, asyncio_default_test_loop_scope=function
collected 920 items

tests\agents\test_agent_process_methods.py ............................. [  3%]
..                                                                       [  3%]
tests\agents\test_code_generator_agent.py ......................         [  5%]
tests\agents\test_project_manager_agent.py .........................     [  8%]
tests\agents\test_remaining_agents.py ............................       [ 11%]
tests\clients\test_claude_client.py ..................                   [ 13%]
tests\clients\test_claude_client_extended.py ........................... [ 16%]
......                                                                   [ 17%]
tests\core\test_analytics_calculator.py ..........................       [ 19%]
tests\core\test_learning_engine.py .................                     [ 21%]
tests\database\test_project_db_operations.py ........................... [ 24%]
......                                                                   [ 25%]
tests\database\test_vector_db_operations.py ............................ [ 28%]
.                                                                        [ 28%]
tests\test_analytics_calculator.py ...............................       [ 31%]
tests\test_analytics_integration.py ........FFFF.......                  [ 33%]
tests\test_claude_categorization.py FFFFFF                               [ 34%]
tests\test_config.py ..........................                          [ 37%]
tests\test_conflict_resolution.py ....................                   [ 39%]
tests\test_e2e_complete.py FFFFFFFFFFFFFFFFFFFFFFFFF...                  [ 42%]
tests\test_e2e_interconnection.py .........                              [ 43%]
tests\test_events.py ....................                                [ 45%]
tests\test_exceptions.py .................................               [ 49%]
tests\test_knowledge_management.py FF.FF.FFF.FF..                        [ 50%]
tests\test_knowledge_manager_integration.py FFFFF                        [ 51%]
tests\test_maturity_implementation.py FFFFFFFFFFF                        [ 52%]
tests\test_models.py ...............................                     [ 55%]
tests\test_modularization.py FFFFFFF                                     [ 56%]
tests\test_monetization_system.py ...................................... [ 60%]
......                                                                   [ 61%]
tests\test_nlu_handler.py ...........................F........FFFFF...   [ 66%]
tests\test_orchestration_and_events.py FF..FF..F...........F.....        [ 69%]
tests\test_orchestration_expansion.py ...F............F..                [ 71%]
tests\test_orchestrator_integration.py ...............E........          [ 73%]
tests\test_performance.py EEEEEEEEEEEEEEEEE                              [ 75%]
tests\test_phase4_verification.py FF                                     [ 75%]
tests\test_project_types.py FFFFF                                        [ 76%]
tests\test_recent_fixes.py .FFF.....F.....                               [ 78%]
tests\test_team_management_system.py ...................                 [ 80%]
tests\ui\commands\test_doc_query_stats_commands.py F.....F.............. [ 82%]
..F..............                                                        [ 84%]
tests\ui\commands\test_note_commands.py ..FF.F.FF.........F........FF    [ 87%]
tests\ui\commands\test_subscription_commands.py .....................F.. [ 90%]
...........                                                              [ 91%]
tests\ui\test_command_handler.py ........................F......         [ 94%]
tests\ui\test_commands.py ............FFFFF.FFFFF..                      [ 97%]
tests\utils\test_utils.py ..FE......................                     [100%]

Render process is gone

Error: Reason: oom, Exit Code: -536870904
    at App.<anonymous> ([REDACTED]\app\global_errors.js:88:7)
    at App.emit (node:events:525:35)
    at EventEmitter.<anonymous> (node:electron/js2c/browser_init:2:82069)
    at EventEmitter.emit (node:events:513:28)