Importing test modules...
[SUCCESS] All test modules imported successfully

[SUCCESS] Test Suite Analysis:
  Total Test Classes: 40
  Total Test Methods: 94
